2026-10-01T13:23:48.053+07:00  INFO 24852 --- [springsieutoc] [restartedMain] vn.spring.blog.BlogApplication           : Starting BlogApplication using Java 25.0.2 with PID 24852 (D:\IT_Project\blog\backend\target\classes started by Admin in D:\IT_Project\blog)
2026-10-01T13:23:48.062+07:00  INFO 24852 --- [springsieutoc] [restartedMain] vn.spring.blog.BlogApplication           : The following 1 profile is active: "prod"
2026-10-01T13:23:48.115+07:00  INFO 24852 --- [springsieutoc] [restartedMain] .e.DevToolsPropertyDefaultsPostProcessor : Devtools property defaults active! Set 'spring.devtools.add-properties' to 'false' to disable
2026-10-01T13:23:48.116+07:00  INFO 24852 --- [springsieutoc] [restartedMain] .e.DevToolsPropertyDefaultsPostProcessor : For additional web related logging consider setting the 'logging.level.web' property to 'DEBUG'
2026-10-01T13:23:49.163+07:00  INFO 24852 --- [springsieutoc] [restartedMain] .s.d.r.c.RepositoryConfigurationDelegate : Bootstrapping Spring Data JPA repositories in DEFAULT mode.
2026-10-01T13:23:49.287+07:00  INFO 24852 --- [springsieutoc] [restartedMain] .s.d.r.c.RepositoryConfigurationDelegate : Finished Spring Data repository scanning in 110 ms. Found 6 JPA repository interfaces.
2026-10-01T13:23:50.267+07:00  INFO 24852 --- [springsieutoc] [restartedMain] o.s.b.w.embedded.tomcat.TomcatWebServer  : Tomcat initialized with port 8080 (http)
2026-10-01T13:23:50.291+07:00  INFO 24852 --- [springsieutoc] [restartedMain] o.apache.catalina.core.StandardService   : Starting service [Tomcat]
2026-10-01T13:23:50.293+07:00  INFO 24852 --- [springsieutoc] [restartedMain] o.apache.catalina.core.StandardEngine    : Starting Servlet engine: [Apache Tomcat/10.1.46]
2026-10-01T13:23:50.371+07:00  INFO 24852 --- [springsieutoc] [restartedMain] o.a.c.c.C.[Tomcat].[localhost].[/]       : Initializing Spring embedded WebApplicationContext
2026-10-01T13:23:50.373+07:00  INFO 24852 --- [springsieutoc] [restartedMain] w.s.c.ServletWebServerApplicationContext : Root WebApplicationContext: initialization completed in 2256 ms
2026-10-01T13:23:50.668+07:00  INFO 24852 --- [springsieutoc] [restartedMain] o.hibernate.jpa.internal.util.LogHelper  : HHH000204: Processing PersistenceUnitInfo [name: default]
2026-10-01T13:23:50.732+07:00  INFO 24852 --- [springsieutoc] [restartedMain] org.hibernate.Version                    : HHH000412: Hibernate ORM core version 6.6.29.Final
2026-10-01T13:23:50.772+07:00  INFO 24852 --- [springsieutoc] [restartedMain] o.h.c.internal.RegionFactoryInitiator    : HHH000026: Second-level cache disabled
2026-10-01T13:23:51.107+07:00  INFO 24852 --- [springsieutoc] [restartedMain] o.s.o.j.p.SpringPersistenceUnitInfo      : No LoadTimeWeaver setup: ignoring JPA class transformer
2026-10-01T13:23:51.151+07:00  INFO 24852 --- [springsieutoc] [restartedMain] com.zaxxer.hikari.HikariDataSource       : HikariPool-1 - Starting...
2026-10-01T13:23:51.570+07:00  INFO 24852 --- [springsieutoc] [restartedMain] com.zaxxer.hikari.pool.HikariPool        : HikariPool-1 - Added connection com.mysql.cj.jdbc.ConnectionImpl@1690633f
2026-10-01T13:23:51.573+07:00  INFO 24852 --- [springsieutoc] [restartedMain] com.zaxxer.hikari.HikariDataSource       : HikariPool-1 - Start completed.
2026-10-01T13:23:51.661+07:00  INFO 24852 --- [springsieutoc] [restartedMain] org.hibernate.orm.connections.pooling    : HHH10001005: Database info:
	Database JDBC URL [Connecting through datasource 'HikariDataSource (HikariPool-1)']
	Database driver: undefined/unknown
	Database version: 8.0.45
	Autocommit mode: undefined/unknown
	Isolation level: undefined/unknown
	Minimum pool size: undefined/unknown
	Maximum pool size: undefined/unknown
2026-10-01T13:23:52.806+07:00  INFO 24852 --- [springsieutoc] [restartedMain] o.h.e.t.j.p.i.JtaPlatformInitiator       : HHH000489: No JTA platform available (set 'hibernate.transaction.jta.platform' to enable JTA platform integration)
2026-10-01T13:23:52.939+07:00  INFO 24852 --- [springsieutoc] [restartedMain] j.LocalContainerEntityManagerFactoryBean : Initialized JPA EntityManagerFactory for persistence unit 'default'
2026-10-01T13:23:53.763+07:00  INFO 24852 --- [springsieutoc] [restartedMain] r$InitializeUserDetailsManagerConfigurer : Global AuthenticationManager configured with UserDetailsService bean with name userDetailsService
2026-10-01T13:23:54.769+07:00  INFO 24852 --- [springsieutoc] [restartedMain] o.s.b.d.a.OptionalLiveReloadServer       : LiveReload server is running on port 35729
2026-10-01T13:23:54.822+07:00  INFO 24852 --- [springsieutoc] [restartedMain] o.s.b.w.embedded.tomcat.TomcatWebServer  : Tomcat started on port 8080 (http) with context path '/'
2026-10-01T13:23:54.838+07:00  INFO 24852 --- [springsieutoc] [restartedMain] vn.spring.blog.BlogApplication           : Started BlogApplication in 7.466 seconds (process running for 7.983)
2026-10-01T13:23:55.288+07:00  INFO 24852 --- [springsieutoc] [restartedMain] vn.spring.blog.service.DataSeeder        : --- SKIP DATA SEEDER ---
2026-10-01T13:23:55.294+07:00  WARN 24852 --- [springsieutoc] [restartedMain] o.s.core.events.SpringDocAppInitializer  : SpringDoc /v3/api-docs endpoint is enabled by default. To disable it in production, set the property 'springdoc.api-docs.enabled=false'
2026-10-01T13:23:55.294+07:00  WARN 24852 --- [springsieutoc] [restartedMain] o.s.core.events.SpringDocAppInitializer  : SpringDoc /swagger-ui.html endpoint is enabled by default. To disable it in production, set the property 'springdoc.swagger-ui.enabled=false'
2026-10-01T13:24:03.952+07:00  INFO 24852 --- [springsieutoc] [http-nio-8080-exec-3] o.a.c.c.C.[Tomcat].[localhost].[/]       : Initializing Spring DispatcherServlet 'dispatcherServlet'
2026-10-01T13:24:03.953+07:00  INFO 24852 --- [springsieutoc] [http-nio-8080-exec-3] o.s.web.servlet.DispatcherServlet        : Initializing Servlet 'dispatcherServlet'
2026-10-01T13:24:03.958+07:00  INFO 24852 --- [springsieutoc] [http-nio-8080-exec-3] o.s.web.servlet.DispatcherServlet        : Completed initialization in 3 ms
2026-10-01T13:24:04.955+07:00  INFO 24852 --- [springsieutoc] [http-nio-8080-exec-3] v.spring.blog.controller.AuthController  : username: user@gmail.com, password: 333333
2026-10-01T13:24:46.739+07:00  INFO 26108 --- [springsieutoc] [restartedMain] vn.spring.blog.BlogApplication           : Starting BlogApplication using Java 25.0.2 with PID 26108 (D:\IT_Project\blog\backend\target\classes started by Admin in D:\IT_Project\blog)
2026-10-01T13:24:46.742+07:00  INFO 26108 --- [springsieutoc] [restartedMain] vn.spring.blog.BlogApplication           : The following 1 profile is active: "prod"
2026-10-01T13:24:46.798+07:00  INFO 26108 --- [springsieutoc] [restartedMain] .e.DevToolsPropertyDefaultsPostProcessor : Devtools property defaults active! Set 'spring.devtools.add-properties' to 'false' to disable
2026-10-01T13:24:46.800+07:00  INFO 26108 --- [springsieutoc] [restartedMain] .e.DevToolsPropertyDefaultsPostProcessor : For additional web related logging consider setting the 'logging.level.web' property to 'DEBUG'
2026-10-01T13:24:47.959+07:00  INFO 26108 --- [springsieutoc] [restartedMain] .s.d.r.c.RepositoryConfigurationDelegate : Bootstrapping Spring Data JPA repositories in DEFAULT mode.
2026-10-01T13:24:48.059+07:00  INFO 26108 --- [springsieutoc] [restartedMain] .s.d.r.c.RepositoryConfigurationDelegate : Finished Spring Data repository scanning in 88 ms. Found 6 JPA repository interfaces.
2026-10-01T13:24:49.615+07:00  INFO 26108 --- [springsieutoc] [restartedMain] o.s.b.w.embedded.tomcat.TomcatWebServer  : Tomcat initialized with port 8080 (http)
2026-10-01T13:24:49.667+07:00  INFO 26108 --- [springsieutoc] [restartedMain] o.apache.catalina.core.StandardService   : Starting service [Tomcat]
2026-10-01T13:24:49.670+07:00  INFO 26108 --- [springsieutoc] [restartedMain] o.apache.catalina.core.StandardEngine    : Starting Servlet engine: [Apache Tomcat/10.1.46]
2026-10-01T13:24:49.875+07:00  INFO 26108 --- [springsieutoc] [restartedMain] o.a.c.c.C.[Tomcat].[localhost].[/]       : Initializing Spring embedded WebApplicationContext
2026-10-01T13:24:49.879+07:00  INFO 26108 --- [springsieutoc] [restartedMain] w.s.c.ServletWebServerApplicationContext : Root WebApplicationContext: initialization completed in 3079 ms
2026-10-01T13:24:50.551+07:00  INFO 26108 --- [springsieutoc] [restartedMain] o.hibernate.jpa.internal.util.LogHelper  : HHH000204: Processing PersistenceUnitInfo [name: default]
2026-10-01T13:24:50.730+07:00  INFO 26108 --- [springsieutoc] [restartedMain] org.hibernate.Version                    : HHH000412: Hibernate ORM core version 6.6.29.Final
2026-10-01T13:24:50.833+07:00  INFO 26108 --- [springsieutoc] [restartedMain] o.h.c.internal.RegionFactoryInitiator    : HHH000026: Second-level cache disabled
2026-10-01T13:24:51.782+07:00  INFO 26108 --- [springsieutoc] [restartedMain] o.s.o.j.p.SpringPersistenceUnitInfo      : No LoadTimeWeaver setup: ignoring JPA class transformer
2026-10-01T13:24:51.902+07:00  INFO 26108 --- [springsieutoc] [restartedMain] com.zaxxer.hikari.HikariDataSource       : HikariPool-1 - Starting...
2026-10-01T13:24:53.022+07:00  INFO 26108 --- [springsieutoc] [restartedMain] com.zaxxer.hikari.pool.HikariPool        : HikariPool-1 - Added connection com.mysql.cj.jdbc.ConnectionImpl@1c47a2e3
2026-10-01T13:24:53.030+07:00  INFO 26108 --- [springsieutoc] [restartedMain] com.zaxxer.hikari.HikariDataSource       : HikariPool-1 - Start completed.
2026-10-01T13:24:53.324+07:00  INFO 26108 --- [springsieutoc] [restartedMain] org.hibernate.orm.connections.pooling    : HHH10001005: Database info:
	Database JDBC URL [Connecting through datasource 'HikariDataSource (HikariPool-1)']
	Database driver: undefined/unknown
	Database version: 8.0.45
	Autocommit mode: undefined/unknown
	Isolation level: undefined/unknown
	Minimum pool size: undefined/unknown
	Maximum pool size: undefined/unknown
2026-10-01T13:24:56.508+07:00  INFO 26108 --- [springsieutoc] [restartedMain] o.h.e.t.j.p.i.JtaPlatformInitiator       : HHH000489: No JTA platform available (set 'hibernate.transaction.jta.platform' to enable JTA platform integration)
2026-10-01T13:24:56.790+07:00  INFO 26108 --- [springsieutoc] [restartedMain] j.LocalContainerEntityManagerFactoryBean : Initialized JPA EntityManagerFactory for persistence unit 'default'
2026-10-01T13:24:58.875+07:00  INFO 26108 --- [springsieutoc] [restartedMain] r$InitializeUserDetailsManagerConfigurer : Global AuthenticationManager configured with UserDetailsService bean with name userDetailsService
2026-10-01T13:25:01.045+07:00  INFO 26108 --- [springsieutoc] [restartedMain] o.s.b.d.a.OptionalLiveReloadServer       : LiveReload server is running on port 35729
2026-10-01T13:25:01.140+07:00  INFO 26108 --- [springsieutoc] [restartedMain] o.s.b.w.embedded.tomcat.TomcatWebServer  : Tomcat started on port 8080 (http) with context path '/'
2026-10-01T13:25:01.173+07:00  INFO 26108 --- [springsieutoc] [restartedMain] vn.spring.blog.BlogApplication           : Started BlogApplication in 15.102 seconds (process running for 15.671)
2026-10-01T13:25:01.597+07:00  INFO 26108 --- [springsieutoc] [http-nio-8080-exec-2] o.a.c.c.C.[Tomcat].[localhost].[/]       : Initializing Spring DispatcherServlet 'dispatcherServlet'
2026-10-01T13:25:01.598+07:00  INFO 26108 --- [springsieutoc] [http-nio-8080-exec-2] o.s.web.servlet.DispatcherServlet        : Initializing Servlet 'dispatcherServlet'
2026-10-01T13:25:01.602+07:00  INFO 26108 --- [springsieutoc] [http-nio-8080-exec-2] o.s.web.servlet.DispatcherServlet        : Completed initialization in 3 ms
2026-10-01T13:25:02.294+07:00  INFO 26108 --- [springsieutoc] [restartedMain] vn.spring.blog.service.DataSeeder        : --- SKIP DATA SEEDER ---
2026-10-01T13:25:02.304+07:00  WARN 26108 --- [springsieutoc] [restartedMain] o.s.core.events.SpringDocAppInitializer  : SpringDoc /v3/api-docs endpoint is enabled by default. To disable it in production, set the property 'springdoc.api-docs.enabled=false'
2026-10-01T13:25:02.306+07:00  WARN 26108 --- [springsieutoc] [restartedMain] o.s.core.events.SpringDocAppInitializer  : SpringDoc /swagger-ui.html endpoint is enabled by default. To disable it in production, set the property 'springdoc.swagger-ui.enabled=false'
2026-10-01T13:25:02.885+07:00  WARN 26108 --- [springsieutoc] [http-nio-8080-exec-2] .m.m.a.ExceptionHandlerExceptionResolver : Resolved [org.springframework.security.authentication.BadCredentialsException: Bad credentials]
2026-10-01T13:25:36.059+07:00  WARN 26108 --- [springsieutoc] [http-nio-8080-exec-1] .m.m.a.ExceptionHandlerExceptionResolver : Resolved [org.springframework.security.authentication.BadCredentialsException: Bad credentials]
2026-10-01T13:25:56.677+07:00  INFO 26108 --- [springsieutoc] [http-nio-8080-exec-3] v.spring.blog.controller.AuthController  : username: user@gmail.com, password: 333
2026-10-01T13:26:17.066+07:00  WARN 26108 --- [springsieutoc] [http-nio-8080-exec-5] .m.m.a.ExceptionHandlerExceptionResolver : Resolved [vn.spring.blog.helper.exception.ForbiddenException: Bạn không có quyền sửa bài viết này]
